[debug] [2025-09-19T00:36:26.894Z] ----------------------------------------------------------------------
[debug] [2025-09-19T00:36:26.895Z] Command:       /Users/leiwu/.nvm/versions/node/v22.17.1/bin/node /Users/leiwu/.nvm/versions/node/v22.17.1/bin/firebase deploy
[debug] [2025-09-19T00:36:26.895Z] CLI Version:   14.11.1
[debug] [2025-09-19T00:36:26.895Z] Platform:      darwin
[debug] [2025-09-19T00:36:26.895Z] Node Version:  v22.17.1
[debug] [2025-09-19T00:36:26.895Z] Time:          Thu Sep 18 2025 20:36:26 GMT-0400 (Eastern Daylight Time)
[debug] [2025-09-19T00:36:26.895Z] ----------------------------------------------------------------------
[debug] 
[debug] [2025-09-19T00:36:26.968Z] > command requires scopes: ["email","openid","https://www.googleapis.com/auth/cloudplatformprojects.readonly","https://www.googleapis.com/auth/firebase","https://www.googleapis.com/auth/cloud-platform"]
[debug] [2025-09-19T00:36:26.968Z] > authorizing via signed-in user (leiwuhoo@gmail.com)
[debug] [2025-09-19T00:36:26.968Z] [iam] checking project laywuweb for permissions ["firebase.projects.get","firebasehosting.sites.update"]
[debug] [2025-09-19T00:36:26.968Z] Checked if tokens are valid: false, expires at: 1758237178288
[debug] [2025-09-19T00:36:26.968Z] Checked if tokens are valid: false, expires at: 1758237178288
[debug] [2025-09-19T00:36:26.968Z] > refreshing access token with scopes: []
[debug] [2025-09-19T00:36:26.969Z] >>> [apiv2][query] POST https://www.googleapis.com/oauth2/v3/token [none]
[debug] [2025-09-19T00:36:26.969Z] >>> [apiv2][body] POST https://www.googleapis.com/oauth2/v3/token [omitted]
[debug] [2025-09-19T00:36:27.141Z] <<< [apiv2][status] POST https://www.googleapis.com/oauth2/v3/token 200
[debug] [2025-09-19T00:36:27.141Z] <<< [apiv2][body] POST https://www.googleapis.com/oauth2/v3/token [omitted]
[debug] [2025-09-19T00:36:27.164Z] >>> [apiv2][query] POST https://cloudresourcemanager.googleapis.com/v1/projects/laywuweb:testIamPermissions [none]
[debug] [2025-09-19T00:36:27.164Z] >>> [apiv2][(partial)header] POST https://cloudresourcemanager.googleapis.com/v1/projects/laywuweb:testIamPermissions x-goog-quota-user=projects/laywuweb
[debug] [2025-09-19T00:36:27.164Z] >>> [apiv2][body] POST https://cloudresourcemanager.googleapis.com/v1/projects/laywuweb:testIamPermissions {"permissions":["firebase.projects.get","firebasehosting.sites.update"]}
[debug] [2025-09-19T00:36:27.354Z] <<< [apiv2][status] POST https://cloudresourcemanager.googleapis.com/v1/projects/laywuweb:testIamPermissions 200
[debug] [2025-09-19T00:36:27.355Z] <<< [apiv2][body] POST https://cloudresourcemanager.googleapis.com/v1/projects/laywuweb:testIamPermissions {"permissions":["firebase.projects.get","firebasehosting.sites.update"]}
[debug] [2025-09-19T00:36:27.355Z] Checked if tokens are valid: true, expires at: 1758245786141
[debug] [2025-09-19T00:36:27.355Z] Checked if tokens are valid: true, expires at: 1758245786141
[debug] [2025-09-19T00:36:27.356Z] >>> [apiv2][query] GET https://firebase.googleapis.com/v1beta1/projects/laywuweb [none]
[debug] [2025-09-19T00:36:27.732Z] <<< [apiv2][status] GET https://firebase.googleapis.com/v1beta1/projects/laywuweb 200
[debug] [2025-09-19T00:36:27.732Z] <<< [apiv2][body] GET https://firebase.googleapis.com/v1beta1/projects/laywuweb {"projectId":"laywuweb","projectNumber":"808697602053","displayName":"laywuweb","name":"projects/laywuweb","resources":{"hostingSite":"laywuweb"},"state":"ACTIVE","etag":"1_dc3768aa-011c-4553-a4f4-6165bf54b4d5"}
[info] 
[info] === Deploying to 'laywuweb'...
[info] 
[info] i  deploying hosting 
[debug] [2025-09-19T00:36:27.736Z] Checked if tokens are valid: true, expires at: 1758245786141
[debug] [2025-09-19T00:36:27.736Z] Checked if tokens are valid: true, expires at: 1758245786141
[debug] [2025-09-19T00:36:27.736Z] >>> [apiv2][query] POST https://firebasehosting.googleapis.com/v1beta1/projects/-/sites/laywuweb/versions [none]
[debug] [2025-09-19T00:36:27.736Z] >>> [apiv2][body] POST https://firebasehosting.googleapis.com/v1beta1/projects/-/sites/laywuweb/versions {"status":"CREATED","labels":{"deployment-tool":"cli-firebase"}}
[debug] [2025-09-19T00:36:28.390Z] <<< [apiv2][status] POST https://firebasehosting.googleapis.com/v1beta1/projects/-/sites/laywuweb/versions 200
[debug] [2025-09-19T00:36:28.390Z] <<< [apiv2][body] POST https://firebasehosting.googleapis.com/v1beta1/projects/-/sites/laywuweb/versions {"name":"projects/808697602053/sites/laywuweb/versions/52505fa5994853c5","status":"CREATED","config":{},"labels":{"deployment-tool":"cli-firebase"}}
[info] i  hosting[laywuweb]: beginning deploy... 
[info] i  hosting[laywuweb]: found 78 files in build 
[debug] [2025-09-19T00:36:28.402Z] [hosting] uploading with 200 concurrency
[debug] [2025-09-19T00:36:28.615Z] Checked if tokens are valid: true, expires at: 1758245786141
[debug] [2025-09-19T00:36:28.615Z] Checked if tokens are valid: true, expires at: 1758245786141
[debug] [2025-09-19T00:36:28.615Z] [hosting] hash cache [YnVpbGQ] stored for 78 files
[debug] [2025-09-19T00:36:28.615Z] [hosting][hash queue][FINAL] {"max":210,"min":7,"avg":38.57692307692308,"active":0,"complete":78,"success":78,"errored":0,"retried":0,"total":78,"elapsed":212}
[debug] [2025-09-19T00:36:28.616Z] >>> [apiv2][query] POST https://firebasehosting.googleapis.com/v1beta1/projects/808697602053/sites/laywuweb/versions/52505fa5994853c5:populateFiles [none]
[debug] [2025-09-19T00:36:28.616Z] >>> [apiv2][body] POST https://firebasehosting.googleapis.com/v1beta1/projects/808697602053/sites/laywuweb/versions/52505fa5994853c5:populateFiles {"files":{"/robots.txt":"391d14b3c2f8c9143a27a28c7399585142228d4d1bdbe2c87ac946de411fa9a2","/index.html":"a6c149428ab248161576a8019355b0e66bf93b33534d52a1fed1f509a44c706e","/asset-manifest.json":"20c6ca64e7fe306e8506b761072b9ae3ef53d422d09a604357f1fb0a45e5a326","/CNAME":"746f7be5be738d53d1f6010bfcc944c08b273da84cdc41b63ee6a022f629f5c9","/book-data.json":"2145bde8cf2fe894af80db3ab44e7d38a8c243e3fb66ab02a4e4746851ef727d","/manifest.json":"4e1d3adad9ce7e17c0d13fac197f1c27091906f4ecf3909c9f51247bff345118","/patchnotes-data.json":"ba87229d8dc7c00454c82f3d1ca252150c5b027fa37a82e2d8f0aa25b3b0e8dc","/favicon.ico":"9967b333b35900ef24bf39ec191b784e33d3b86f928a4ad96359c9c9ceb18963","/static/media/strava.fc0ba2438ebf827abb0c.webp":"863948225196802e55bb0c9321f3d4a35014260c87ee1c808ed256385d1f75eb","/static/media/patchnotes.0a086ac7f4537ce02b5e.webp":"de313bf7df46b0356bdae4428a4dc8ba3a4211fd86dbf2ee13a72763274f07fe","/static/media/cook.550251f22ffca31dcfcd.jpg":"caededdab8231b60bb904bdb53014f2aa2d5f1995ba02cb54d142dcdb7d1d906","/static/js/main.7c7d32b0.js.LICENSE.txt":"5ab634398c8c304bdd116996b762c5c985f023de19b7a3426a872a40219c5cad","/static/js/981.4955378b.chunk.js.map":"d92e3c8c039cb0a593e48da160af663c1c252b95428f2691d22fbd0061599eb6","/static/js/981.4955378b.chunk.js":"f4ab54a102ffa0a28095237256cf527f4f3bc678d59307a6eb9b757616425804","/static/js/962.3443562a.chunk.js":"f8ad2dabaf678df6685d282b212bf57d962c128ec2b19ec950a33d7d61a4d1eb","/static/js/962.3443562a.chunk.js.map":"8f30aebf0a547f8739b96b1f34e0c1ae539e911978a6b7be2b3a401da42b683a","/static/js/838.61761287.chunk.js":"194957dd1f7190d53416af06c7bfc550411a6e977c154ea3a12c80bdbb0304c5","/static/js/799.68d4f7c2.chunk.js":"01ed1522385e3571a1854963a5c992bb3837be2893c115cfa24024222825834b","/static/js/838.61761287.chunk.js.map":"c01db53067227dfbbb933c1a02b6d68c03a082c366b172cc114005380ab465e2","/static/js/799.68d4f7c2.chunk.js.map":"00ce0d570da98456bcd605e229f08a8c9cf003127663df7704eb3ab59f1fb1a6","/static/media/spotify.68cde57c8011cbf53815.png":"48f609a53b1e50d479a231b0d76d3998da8d95b336f61d9fda1f07ea941ce20f","/static/media/starrystocks.7739c8dc1a547834ef3a.jpg":"eceb6ba14e7b0c7f62c28fdb014603c1f916826f974ec3d92808b3716c548908","/static/media/chip.e32912414a02a577b5c5.jpg":"c99608b6fb066dc5de2e04a078032d9fad1c92e1a9fd92fba55e5fc118b1ff9c","/static/media/resume-image-500.5c81cf7e6cf857e0c4b2.jpg":"09153b17862f640c99a5d8ee5797c9f183859a07b8f7c02fea50be1ed993e93a","/static/media/resume-lei.d0dddd4a432e7131dec3.pdf":"e24affcf8772a742583bae24b4d6ac455c0b72537fe2440e65c2d4402e6b687d","/static/js/709.3ced1511.chunk.js":"d73cf5fa124e32937320d34199170c8f6ddbe7cfa2f2886c636a0933200c925f","/static/js/676.7f05d6d5.chunk.js.map":"67f1bae3864648a6a941577b7d642dd7c602869c5497f7909fa4f6f9cbfb5d34","/static/js/676.7f05d6d5.chunk.js":"f4c1c5c9910d101f513d0e849493d2bff298c3ee3c280f45bbe32d3ed03b4bf5","/static/js/709.3ced1511.chunk.js.map":"1646613ad47f0440a313ec8172fe2cc223282ea69c7b4c2845274a276cacb03a","/static/js/668.390cc1aa.chunk.js.map":"86f32ddc3c96b27fe9557168ce302fa402eecf3b4eade0c8839657f8d8077ecf","/static/js/668.390cc1aa.chunk.js":"a244008694bd6ba0c0f6103bbbc8951982f1f6dd110d563bd45ff32f26807f60","/static/js/613.af71df36.chunk.js":"d53cd131d9d9345863f199585a259c51000f6b9154c5598a8411433c2cd8c77e","/static/js/613.af71df36.chunk.js.map":"4261f57815d23eba125fbcc5848d4c4309c9dc2c94aa77c063b3f137cf982b72","/static/js/564.2fd3740e.chunk.js.map":"baa0ce580c5938abce57137c6981c79a43c73b70ca28ab3621a5a0ddbb1121f3","/static/media/bookshelf.22de2ef770f525dc4db7.jpg":"62a65b3471e33867bf5a9db96876f29178900b6d43f376b7e8b7d4f12e67dbab","/static/js/564.2fd3740e.chunk.js":"d8dffc4b0e51f948efd2d28498f4d9e0c875a500e005eab15d6b6521e9962a67","/static/js/47.86455427.chunk.js.map":"1c9f943b837b1e7147c59a0ef1e0678ce8edb2b9aa3bf688a8ef6325e6f47795","/static/js/47.86455427.chunk.js":"9c0bfbdc01c22e362511c86179dda4c4828b40d90b5b41596d0667852fb7b19b","/static/js/453.d35530d0.chunk.js":"5fa09dbc2f866b8f26fbd241b55f81001860c11b40227513caff201df5c61315","/static/js/31.24c6fe16.chunk.js":"5c6d6ef3f0f5c22a9e3267ea1ac027af867a827ac7bd94022be73c95592c9313","/static/js/31.24c6fe16.chunk.js.map":"7f9ec490d225399ae57dd59f6a7381d4cff640130b16c7f658c908a262136364","/static/js/27.9f390b7f.chunk.js":"646337bc706c2fd5a562fc19ff6c91002ed0be15d5c30995ca2ab536c3cc5b63","/static/js/27.9f390b7f.chunk.js.map":"cc3422c29dd849b062a767394b25cc372a729ac5a67932e6af8938a93b579823","/static/js/453.d35530d0.chunk.js.map":"5a74973a1bb3281f19eb30a7c17535f92b958e2fb5327da36d917a5450e7f438","/static/js/179.3452b758.chunk.js":"bccf5bbb110c3a0f7dbefc7ce2e7fa45739e41796b71f6f9bde723458b7eacc0","/static/js/138.7c50aa4d.chunk.js.map":"7e7dc1964c026c792aae6a308b2c7ef2dca92618c722dece1b838674fac29624","/static/js/138.7c50aa4d.chunk.js":"42374403f2d97b0c5ea82be4ffdc78c4e9b4d9715a0749c909aae074a82202bd","/static/js/179.3452b758.chunk.js.map":"ea066d30c0b598b4c21c1c72f1f5cc501eb2256acc4cad8b451fd8398a3a3477","/static/media/playground-500.03e5f44e69a7ae51c260.jpg":"c88e3564f62a6c27a14fff1058445ccc42d3c8a2f86940186f3dd2385661e917","/static/css/main.7d418043.css.map":"030915f55043690441ed949867f598e15fe34ac7929c0c597a8537a0764fc069","/static/css/main.7d418043.css":"7d7d4ed25b328580911f55a29f51f9b1ee31f7c8062387335e9988897f14d1a6","/static/css/676.50ac4f4b.chunk.css.map":"a4a390c5af4ef56b5e415f5d8637935cd532e19cbb60b0729c60c3084fdc8863","/static/media/yes-500.16e042a5c4eaa2e87214.jpg":"e88a893622fa62f502b22320afada15f5bbaca1b18a13abe5217ff23fefa7d4e","/static/media/resume-image-800.4ebe1bc58a7d756c2062.jpg":"c3f36ab214734fe9f979550fccbbf4ed188b95058d79b137db01024164ffb0da","/static/media/lei.38d074d1f2ea9ec1e9b4.webp":"cae924a4ccef7b2503e663e8ed8ca4479009af2492159b1f8516532052f9c0a4","/static/css/676.50ac4f4b.chunk.css":"7563d3b292b0cf06e2a2f81db57ba815b95634298bca110d5d1785d507ab7dde","/static/css/613.50ac4f4b.chunk.css.map":"20683554d2881c6a5b7c5775d8882ffef545757c514c1d453ac96307cc8b0600","/static/css/613.50ac4f4b.chunk.css":"7194774c05ccf5176f0205f745de96edd01fd7b56de60b748f6f0a40e90c2b5c","/static/media/clearvision.1b237c4211736f77b5d7.jpg":"f376d9e1e3a254f2850073bb635e10d306bed7cebd30fb7c7988ae85b572fcc3","/static/media/investology.2b232f437972aa802b2c.jpg":"a594b2370f0ea9114f305d481ed9e032bd06efd5e7f7a36faf5f7c8cae1cc633","/static/media/playground-800.f4f9bac68502f8571545.jpg":"788c8122691a527a81db3cd4c7ea3bf02f9ea8414008dd81e2076ea29ba5df20","/static/js/main.7c7d32b0.js":"b6272e20bd03c807669917563df7cf5daf2910216da528436ef5750da12a7be0","/static/media/tfts15.6f579289edc8dbfea756.avif":"9bb33adcac4d99a0cf086a8d2936eca70855fd34261f74a1124c47dce29706ed","/static/media/yes-800.ca63c2d34adc18980131.jpg":"143aee1873c14508760761f29273218410ebea23cf16a73ddf7e13e9fd5da4cf","/static/media/poke.e03281958a166a86fc18.webp":"12c3bd790b84f3704ef6802da8bbb90b9af0ed57f1d9f024793fcf3ba59abe7a","/static/media/playground.8875437cc74f40fa5759.png":"6e4fbcf803d426c5a1e055989b1fa276ce2898b7969edf649b94d43bd0b9c2fb","/static/media/website.2ba7d39442f46d557536.png":"7dec41d6d24c283f202d7188a12c97d772afd42b3224e9994684a4443a028d60","/static/media/shawarma.16a0f81fb304cec22d71.jpg":"ac5c95bd918172329d2f6707e6a1e433490827f30e8bb3adfe72314c870fd180","/static/js/main.7c7d32b0.js.map":"dff1744f0740dfed9e3b262a6ad192671d3e0e9de98eb87fe4ab486aaf7296b2","/static/media/curryudon.485d17a4878081e28e3b.jpg":"83f0f781a8313b9a1ca1d927607156f8ee1f6fb729621ecb61aacdb5ca2204c1","/static/media/gyudon.38da39a40d7d7ee4c772.jpg":"c7ef5062e1ee527502779ad4c0bbd3f61fa97cbca71238e72e0eb49005c1e0b8","/static/media/yes2.127f6c8ba2a8554cec76.jpg":"ef2c7471a68e2b882ea8f094e36c9bf6bc0c0090e8af6bae9f1ad2751e10dcf2","/static/media/spag.47ec2821034d1303b6ae.jpg":"dad9b55c5b46766cd94fc1a95fd9d5638327775d936780070582d5c2b5e5be39","/static/media/katsucurry.cbdf712f8b807acf913b.jpg":"7c3f53c3060b35613e1326a709c9a7e98bc9d1c25e5ef2f84e0b89b489eeb2a8","/static/media/csr.1ec69074aa6651b2f240.jpg":"8a32a5fc7d012aaf2ac8d3b8995b536d21d42fab3277dfc47c780eefe28b0428","/static/media/steak.f3220d29d339570b30cf.jpg":"08435e6ffd23668f822a6f84ecc163f41312cc9db47ceb5a74d8f7873a092828","/static/media/sbc.46135dc78059ea249c12.jpg":"7921c895281cc9570da8edb8a8b1e010490ab7a459d667a267cb9e10200b1f35","/static/media/pgp.481831d758ed44dbe4ca.jpg":"0011a0298153f2ae1501527fec6a022c77d94df0bab824b4704f3aa0fd561e26"}}
